------------------------------------------------------------
TimeQuest Timing Analyzer Summary
------------------------------------------------------------

Type  : Slow Model Setup 'CLOCK_50'
Slack : -4.175
TNS   : -105.252

Type  : Slow Model Setup 'clock:clock_counter|internal_clock'
Slack : -0.572
TNS   : -4.395

Type  : Slow Model Hold 'CLOCK_50'
Slack : -2.692
TNS   : -2.692

Type  : Slow Model Hold 'clock:clock_counter|internal_clock'
Slack : 0.445
TNS   : 0.000

Type  : Slow Model Minimum Pulse Width 'CLOCK_50'
Slack : -1.631
TNS   : -41.957

Type  : Slow Model Minimum Pulse Width 'clock:clock_counter|internal_clock'
Slack : -0.611
TNS   : -18.330

Type  : Fast Model Setup 'CLOCK_50'
Slack : -1.115
TNS   : -22.525

Type  : Fast Model Setup 'clock:clock_counter|internal_clock'
Slack : 0.355
TNS   : 0.000

Type  : Fast Model Hold 'CLOCK_50'
Slack : -1.723
TNS   : -1.723

Type  : Fast Model Hold 'clock:clock_counter|internal_clock'
Slack : 0.215
TNS   : 0.000

Type  : Fast Model Minimum Pulse Width 'CLOCK_50'
Slack : -1.380
TNS   : -34.380

Type  : Fast Model Minimum Pulse Width 'clock:clock_counter|internal_clock'
Slack : -0.500
TNS   : -15.000

------------------------------------------------------------
